2015-05-07 10:07:09,504 - log.py - INFO - Server runing...
2015-05-07 10:29:43,189 - log.py - INFO - 
